###############################################################################
#
# IAR ELF Linker V9.10.1.308/W64 for ARM                  06/May/2021  00:42:45
# Copyright 2007-2021 IAR Systems AB.
#
#    Output file  =
#        D:\WorkSpace\Embarcados\Projects\EK-TM4C1294_RTOS_IAR8\Projects\elevator\ewarm\Exe\elevator.out
#    Map file     =
#        D:\WorkSpace\Embarcados\Projects\EK-TM4C1294_RTOS_IAR8\Projects\elevator\ewarm\List\elevator.map
#    Command line =
#        -f
#        D:\WorkSpace\Embarcados\Projects\EK-TM4C1294_RTOS_IAR8\Projects\elevator\ewarm\Exe\elevator.out.rsp
#        (D:\WorkSpace\Embarcados\Projects\EK-TM4C1294_RTOS_IAR8\TivaWare_C_Series-2.1.4.178\driverlib\ewarm\Exe\driverlib.a
#        D:\WorkSpace\Embarcados\Projects\EK-TM4C1294_RTOS_IAR8\Projects\elevator\ewarm\Obj\elevator.o
#        D:\WorkSpace\Embarcados\Projects\EK-TM4C1294_RTOS_IAR8\CMSIS-5.6.0\CMSIS\RTOS2\RTX\Library\IAR\IDE\CM4F\Exe\RTX_CM.a
#        D:\WorkSpace\Embarcados\Projects\EK-TM4C1294_RTOS_IAR8\Projects\elevator\ewarm\Obj\RTX_Config.o
#        D:\WorkSpace\Embarcados\Projects\EK-TM4C1294_RTOS_IAR8\Projects\elevator\ewarm\Obj\rtx_lib.o
#        D:\WorkSpace\Embarcados\Projects\EK-TM4C1294_RTOS_IAR8\Projects\elevator\ewarm\Obj\startup_TM4C1294.o
#        D:\WorkSpace\Embarcados\Projects\EK-TM4C1294_RTOS_IAR8\Projects\elevator\ewarm\Obj\system_TM4C1294_TW.o
#        D:\WorkSpace\Embarcados\Projects\EK-TM4C1294_RTOS_IAR8\Projects\elevator\ewarm\Obj\uartstdio.o
#        --no_out_extension -o
#        D:\WorkSpace\Embarcados\Projects\EK-TM4C1294_RTOS_IAR8\Projects\elevator\ewarm\Exe\elevator.out
#        --map
#        D:\WorkSpace\Embarcados\Projects\EK-TM4C1294_RTOS_IAR8\Projects\elevator\ewarm\List\elevator.map
#        --config "C:\Program Files\IAR Systems\Embedded Workbench
#        9.0\arm\config\linker\TexasInstruments\TM4C1294NC.icf" --semihosting
#        --entry __iar_program_start --vfe --text_out locale)
#
###############################################################################

*******************************************************************************
*** RUNTIME MODEL ATTRIBUTES
***

CppFlavor       = *
__SystemLibrary = DLib
__dlib_version  = 6


*******************************************************************************
*** HEAP SELECTION
***

The basic heap was selected because some modules are built with
size limitations (and not runtime checking), and --advanced_heap
was not specified.


*******************************************************************************
*** PLACEMENT SUMMARY
***

"A0":  place at address 0x0 { ro section .intvec };
"P1":  place in [from 0x0 to 0xf'ffff] { ro };
define block CSTACK with size = 32K, alignment = 8 { };
define block HEAP with size = 64K, alignment = 8 { };
"P2":  place in [from 0x2000'0000 to 0x2003'ffff] {
          rw, block CSTACK, block HEAP };
initialize by copy { rw };

  Section               Kind         Address    Size  Object
  -------               ----         -------    ----  ------
"A0":                                          0x3c0
  .intvec               ro code          0x0   0x3c0  startup_TM4C1294.o [1]
                                     - 0x3c0   0x3c0

"P1":                                         0x34dd
  .text                 ro code        0x3c0   0x970  rtx_thread.o [2]
  .text                 ro code        0xd30     0x2  rtx_evr.o [2]
  .text                 ro code        0xd32     0x2  rtx_evr.o [2]
  .text                 ro code        0xd34     0x2  rtx_evr.o [2]
  .text                 ro code        0xd36     0x2  rtx_evr.o [2]
  .text                 ro code        0xd38     0x2  rtx_evr.o [2]
  .text                 ro code        0xd3a     0x2  rtx_evr.o [2]
  .text                 ro code        0xd3c     0x2  rtx_evr.o [2]
  .text                 ro code        0xd3e     0x2  rtx_evr.o [2]
  .text                 ro code        0xd40     0x2  rtx_evr.o [2]
  .text                 ro code        0xd42     0x2  rtx_evr.o [2]
  .text                 ro code        0xd44     0x2  rtx_evr.o [2]
  .text                 ro code        0xd46     0x2  rtx_evr.o [2]
  .text                 ro code        0xd48     0x2  rtx_evr.o [2]
  .text                 ro code        0xd4a    0x3a  packbits_init_single.o [5]
  .text                 ro code        0xd84    0xe6  rtx_mempool.o [2]
  .text                 ro code        0xe6a     0x2  rtx_evr.o [2]
  .text                 ro code        0xe6c    0x82  rtx_memory.o [2]
  .text                 ro code        0xeee     0x2  startup_TM4C1294.o [1]
  .text                 ro code        0xef0     0x6  ABImemclr4.o [5]
  .text                 ro code        0xef6     0x2  rtx_evr.o [2]
  .text                 ro code        0xef8    0x4a  rtx_memory.o [2]
  .text                 ro code        0xf42     0x2  rtx_evr.o [2]
  .text                 ro code        0xf44     0x2  rtx_evr.o [2]
  .text                 ro code        0xf46     0x2  rtx_evr.o [2]
  .text                 ro code        0xf48     0x2  rtx_evr.o [2]
  .text                 ro code        0xf4c   0x34c  rtx_mutex.o [2]
  .text                 ro code       0x1298     0x2  rtx_evr.o [2]
  .text                 ro code       0x129a     0x2  rtx_evr.o [2]
  .text                 ro code       0x129c     0x2  rtx_evr.o [2]
  .text                 ro code       0x129e     0x2  rtx_evr.o [2]
  .text                 ro code       0x12a0     0x2  rtx_evr.o [2]
  .text                 ro code       0x12a2    0x20  RTX_Config.o [1]
  .text                 ro code       0x12c2     0x2  rtx_evr.o [2]
  .text                 ro code       0x12c4     0x2  rtx_evr.o [2]
  .text                 ro code       0x12c6     0x2  rtx_evr.o [2]
  .text                 ro code       0x12c8     0x2  rtx_evr.o [2]
  .text                 ro code       0x12cc    0x32  ABImemset48.o [5]
  .text                 ro code       0x12fe     0x2  rtx_evr.o [2]
  .text                 ro code       0x1300     0x2  rtx_evr.o [2]
  .text                 ro code       0x1302     0x2  rtx_evr.o [2]
  .text                 ro code       0x1304     0x2  rtx_evr.o [2]
  .text                 ro code       0x1306     0x2  rtx_evr.o [2]
  .text                 ro code       0x1308     0x2  rtx_evr.o [2]
  .text                 ro code       0x130a     0x2  rtx_evr.o [2]
  .text                 ro code       0x130c     0x2  rtx_evr.o [2]
  .text                 ro code       0x130e     0x2  rtx_evr.o [2]
  .text                 ro code       0x1310     0x2  rtx_evr.o [2]
  .text                 ro code       0x1314   0x61c  rtx_msgqueue.o [2]
  .text                 ro code       0x1930    0xa6  ABImemcpy.o [5]
  .text                 ro code       0x19d6     0x2  rtx_evr.o [2]
  .text                 ro code       0x19d8     0x2  rtx_evr.o [2]
  .text                 ro code       0x19da     0x2  rtx_evr.o [2]
  .text                 ro code       0x19dc     0x6  ABImemclr.o [5]
  .text                 ro code       0x19e2     0x2  rtx_evr.o [2]
  .text                 ro code       0x19e4     0x2  rtx_evr.o [2]
  .text                 ro code       0x19e6     0x2  rtx_evr.o [2]
  .text                 ro code       0x19e8     0x2  rtx_evr.o [2]
  .text                 ro code       0x19ea     0x2  rtx_evr.o [2]
  .text                 ro code       0x19ec     0x2  rtx_evr.o [2]
  .text                 ro code       0x19ee     0x2  rtx_evr.o [2]
  .text                 ro code       0x19f0   0x174  rtx_system.o [2]
  .text                 ro code       0x1b64     0x2  rtx_evr.o [2]
  .text                 ro code       0x1b66     0x2  rtx_evr.o [2]
  .text                 ro code       0x1b68    0x5e  ABImemset.o [5]
  .text                 ro code       0x1bc8     0xc  os_systick.o [2]
  .text                 ro code       0x1bd4   0x570  uartstdio.o [1]
  .text                 ro code       0x2144    0xf8  interrupt.o [4]
  .text                 ro code       0x223c   0x112  uart.o [4]
  .text                 ro code       0x2350   0x2c8  sysctl.o [4]
  .text                 ro code       0x2618    0x10  cpu.o [4]
  .text                 ro code       0x2628   0x37c  rtx_kernel.o [2]
  .text                 ro code       0x29a4     0x2  rtx_evr.o [2]
  .text                 ro code       0x29a6    0x44  rtx_memory.o [2]
  .text                 ro code       0x29ea     0x2  rtx_evr.o [2]
  .text                 ro code       0x29ec     0x2  rtx_evr.o [2]
  .text                 ro code       0x29ee     0x2  rtx_evr.o [2]
  .text                 ro code       0x29f0    0x40  os_systick.o [2]
  .text                 ro code       0x2a30     0x6  os_systick.o [2]
  .text                 ro code       0x2a38    0x2c  os_systick.o [2]
  .text                 ro code       0x2a64     0x2  rtx_evr.o [2]
  .text                 ro code       0x2a66     0x2  rtx_lib.o [1]
  .text                 ro code       0x2a68     0x2  rtx_evr.o [2]
  .text                 ro code       0x2a6a     0x2  rtx_evr.o [2]
  .text                 ro code       0x2a6c     0x2  rtx_evr.o [2]
  .text                 ro code       0x2a6e     0x2  rtx_evr.o [2]
  .text                 ro code       0x2a70     0x2  rtx_evr.o [2]
  .text                 ro code       0x2a74   0x34c  elevator.o [1]
  .text                 ro code       0x2dc0   0x18c  gpio.o [4]
  .text                 ro code       0x2f4c    0xdc  rtx_delay.o [2]
  .text                 ro code       0x3028     0x2  rtx_evr.o [2]
  .text                 ro code       0x302a     0x2  rtx_evr.o [2]
  .text                 ro code       0x302c     0x2  rtx_evr.o [2]
  .text                 ro code       0x302e     0x2  rtx_evr.o [2]
  .text                 ro code       0x3030     0x2  rtx_evr.o [2]
  .rodata               const         0x3034   0x21c  sysctl.o [4]
  .text                 ro code       0x3250    0xd4  rtx_timer.o [2]
  .text                 ro code       0x3324     0x2  rtx_evr.o [2]
  .text                 ro code       0x3328    0xc4  irq_cm4f.o [2]
  .rodata               const         0x33ec    0x90  gpio.o [4]
  .rodata               const         0x347c    0x68  rtx_lib.o [1]
  .text                 ro code       0x34e4    0x38  zero_init3.o [5]
  .rodata               const         0x351c    0x30  sysctl.o [4]
  .text                 ro code       0x354c    0x30  system_TM4C1294_TW.o [1]
  .text                 ro code       0x357c    0x28  data_init.o [5]
  .rodata               const         0x35a4    0x24  elevator.o [1]
  .rodata               const         0x35c8    0x24  elevator.o [1]
  .rodata               const         0x35ec    0x24  rtx_lib.o [1]
  .rodata               const         0x3610    0x24  rtx_lib.o [1]
  .iar.init_table       const         0x3634    0x20  - Linker created -
  .rodata               const         0x3654    0x20  elevator.o [1]
  .text                 ro code       0x3674    0x1e  cmain.o [5]
  .text                 ro code       0x3692     0x4  low_level_init.o [3]
  .text                 ro code       0x3696     0x4  exit.o [3]
  .text                 ro code       0x369c     0xa  cexit.o [5]
  .text                 ro code       0x36a8    0x14  exit.o [6]
  .rodata               const         0x36bc    0x1c  elevator.o [1]
  .text                 ro code       0x36d8    0x1c  cstartup_M.o [5]
  .text                 ro code       0x36f4    0x14  startup_TM4C1294.o [1]
  .rodata               const         0x3708    0x18  elevator.o [1]
  .rodata               const         0x3720    0x18  elevator.o [1]
  .rodata               const         0x3738    0x18  elevator.o [1]
  .rodata               const         0x3750    0x18  rtx_lib.o [1]
  .rodata               const         0x3768    0x14  elevator.o [1]
  .rodata               const         0x377c    0x14  elevator.o [1]
  .rodata               const         0x3790    0x14  uartstdio.o [1]
  .rodata               const         0x37a4    0x10  elevator.o [1]
  .rodata               const         0x37b4    0x10  rtx_lib.o [1]
  .rodata               const         0x37c4     0xc  elevator.o [1]
  .rodata               const         0x37d0     0xc  elevator.o [1]
  .rodata               const         0x37dc     0xc  elevator.o [1]
  .rodata               const         0x37e8     0xc  elevator.o [1]
  .rodata               const         0x37f4     0xc  elevator.o [1]
  .rodata               const         0x3800     0xc  elevator.o [1]
  .rodata               const         0x380c     0xc  elevator.o [1]
  .rodata               const         0x3818     0xc  elevator.o [1]
  .rodata               const         0x3824     0xc  elevator.o [1]
  .rodata               const         0x3830     0xc  rtx_lib.o [1]
  .rodata               const         0x383c     0xc  uartstdio.o [1]
  .rodata               const         0x3848     0xc  uartstdio.o [1]
  .rodata               const         0x3854     0xc  uartstdio.o [1]
  .rodata               const         0x3860     0x8  elevator.o [1]
  .rodata               const         0x3868     0x8  elevator.o [1]
  .rodata               const         0x3870     0x8  elevator.o [1]
  .rodata               const         0x3878     0x8  elevator.o [1]
  .rodata               const         0x3880     0x8  uartstdio.o [1]
  .rodata               const         0x3888     0x4  rtx_lib.o [1]
  .rodata               const         0x388c     0x4  uartstdio.o [1]
  .rodata               const         0x3890     0x0  zero_init3.o [5]
  .rodata               const         0x3890     0x0  packbits_init_single.o [5]
  Initializer bytes     const         0x3890     0xd  <for P2-1>
                                    - 0x389d  0x34dd

"P2", part 1 of 3:                              0xa4
  P2-1                           0x2000'0000    0xa4  <Init block>
    .data.os            inited   0x2000'0000    0xa4  rtx_kernel.o [2]
                               - 0x2000'00a4    0xa4

"P2", part 2 of 3:                            0x17f8
  .bss.os               zero     0x2000'00a8  0x1000  rtx_lib.o [1]
  .bss                  zero     0x2000'10a8   0x400  uartstdio.o [1]
  .bss.os.thread.stack  zero     0x2000'14a8   0x100  rtx_lib.o [1]
  .bss.os.thread.stack  zero     0x2000'15a8   0x100  rtx_lib.o [1]
  .bss                  zero     0x2000'16a8    0x80  uartstdio.o [1]
  .bss.os.msgqueue.mem  zero     0x2000'1728    0x50  rtx_lib.o [1]
  .bss.os.thread.cb     zero     0x2000'1778    0x44  rtx_lib.o [1]
  .bss.os.thread.cb     zero     0x2000'17bc    0x44  rtx_lib.o [1]
  .bss.os               zero     0x2000'1800    0x40  rtx_lib.o [1]
  .bss.os.msgqueue.cb   zero     0x2000'1840    0x34  rtx_lib.o [1]
  .bss                  zero     0x2000'1874     0x4  elevator.o [1]
  .bss                  zero     0x2000'1878     0x4  elevator.o [1]
  .bss                  zero     0x2000'187c     0x4  elevator.o [1]
  .bss                  zero     0x2000'1880     0x4  uartstdio.o [1]
  .bss                  zero     0x2000'1884     0x4  uartstdio.o [1]
  .bss                  zero     0x2000'1888     0x4  uartstdio.o [1]
  .bss                  zero     0x2000'188c     0x4  uartstdio.o [1]
  .bss                  zero     0x2000'1890     0x4  uartstdio.o [1]
  .bss                  zero     0x2000'1894     0x4  uartstdio.o [1]
  .bss                  zero     0x2000'1898     0x1  uartstdio.o [1]
  .bss                  zero     0x2000'1899     0x1  uartstdio.o [1]
  .bss                  zero     0x2000'189a     0x1  os_systick.o [2]
                               - 0x2000'189b  0x17f7

"P2", part 3 of 3:                            0x8004
  .noinit               uninit   0x2000'189c     0x4  system_TM4C1294_TW.o [1]
  CSTACK                         0x2000'18a0  0x8000  <Block>
    CSTACK              uninit   0x2000'18a0  0x8000  <Block tail>
                               - 0x2000'98a0  0x8004

Unused ranges:

         From           To      Size
         ----           --      ----
       0x389d     0xf'ffff  0xf'c763
  0x2000'98a0  0x2003'ffff  0x3'6760


*******************************************************************************
*** INIT TABLE
***

          Address      Size
          -------      ----
Zero (__iar_zero_init3)
    1 destination range, total size 0x17f3:
          0x2000'00a8  0x17f3

Copy/packbits (__iar_packbits_init_single3)
    1 source range, total size 0xd (7% of destination):
               0x3890     0xd
    1 destination range, total size 0xa4:
          0x2000'0000    0xa4



*******************************************************************************
*** MODULE SUMMARY
***

    Module                  ro code  ro data  rw data
    ------                  -------  -------  -------
command line/config:
    -------------------------------------------------
    Total:

D:\WorkSpace\Embarcados\Projects\EK-TM4C1294_RTOS_IAR8\Projects\elevator\ewarm\Obj: [1]
    RTX_Config.o                 32
    elevator.o                  844      400       12
    rtx_lib.o                     2      232    4'940
    startup_TM4C1294.o          982
    system_TM4C1294_TW.o         48                 4
    uartstdio.o               1'392       68    1'178
    -------------------------------------------------
    Total:                    3'300      700    6'134

RTX_CM.a: [2]
    irq_cm4f.o                  196
    os_systick.o                126                 1
    rtx_delay.o                 220
    rtx_evr.o                   132
    rtx_kernel.o                892       13      164
    rtx_memory.o                272
    rtx_mempool.o               230
    rtx_msgqueue.o            1'564
    rtx_mutex.o                 844
    rtx_system.o                372
    rtx_thread.o              2'416
    rtx_timer.o                 212
    -------------------------------------------------
    Total:                    7'476       13      165

dl7M_tln.a: [3]
    exit.o                        4
    low_level_init.o              4
    -------------------------------------------------
    Total:                        8

driverlib.a: [4]
    cpu.o                        16
    gpio.o                      396      144
    interrupt.o                 248
    sysctl.o                    712      588
    uart.o                      274
    -------------------------------------------------
    Total:                    1'646      732

rt7M_tl.a: [5]
    ABImemclr.o                   6
    ABImemclr4.o                  6
    ABImemcpy.o                 166
    ABImemset.o                  94
    ABImemset48.o                50
    cexit.o                      10
    cmain.o                      30
    cstartup_M.o                 28
    data_init.o                  40
    packbits_init_single.o       58
    zero_init3.o                 56
    -------------------------------------------------
    Total:                      544

shb_l.a: [6]
    exit.o                       20
    -------------------------------------------------
    Total:                       20

    Gaps                         20        2        4
    Linker created                        32   32'768
-----------------------------------------------------
    Grand Total:             13'014    1'479   39'071


*******************************************************************************
*** ENTRY LIST
***

Entry                       Address    Size  Type      Object
-----                       -------    ----  ----      ------
.iar.init_table$$Base        0x3634           --   Gb  - Linker created -
.iar.init_table$$Limit       0x3654           --   Gb  - Linker created -
?main                        0x3675          Code  Gb  cmain.o [5]
CPUcpsid                     0x2619     0x8  Code  Gb  cpu.o [4]
CPUcpsie                     0x2621     0x8  Code  Gb  cpu.o [4]
CSTACK$$Base            0x2000'18a0           --   Gb  - Linker created -
CSTACK$$Limit           0x2000'98a0           --   Gb  - Linker created -
EvrRtxDelay                  0x302f     0x2  Code  Wk  rtx_evr.o [2]
EvrRtxDelayCompleted          0xd31     0x2  Code  Wk  rtx_evr.o [2]
EvrRtxDelayError             0x302b     0x2  Code  Wk  rtx_evr.o [2]
EvrRtxDelayStarted           0x3029     0x2  Code  Wk  rtx_evr.o [2]
EvrRtxDelayUntil             0x3031     0x2  Code  Wk  rtx_evr.o [2]
EvrRtxDelayUntilStarted
                             0x302d     0x2  Code  Wk  rtx_evr.o [2]
EvrRtxEventFlagsWaitTimeout
                              0xd35     0x2  Code  Wk  rtx_evr.o [2]
EvrRtxKernelError            0x29a5     0x2  Code  Wk  rtx_evr.o [2]
EvrRtxKernelGetInfo          0x2a6b     0x2  Code  Wk  rtx_evr.o [2]
EvrRtxKernelGetState         0x29ef     0x2  Code  Wk  rtx_evr.o [2]
EvrRtxKernelGetTickCount
                             0x2a6f     0x2  Code  Wk  rtx_evr.o [2]
EvrRtxKernelInfoRetrieved
                             0x29ed     0x2  Code  Wk  rtx_evr.o [2]
EvrRtxKernelInitialize       0x2a69     0x2  Code  Wk  rtx_evr.o [2]
EvrRtxKernelInitialized
                             0x29eb     0x2  Code  Wk  rtx_evr.o [2]
EvrRtxKernelStart            0x2a6d     0x2  Code  Wk  rtx_evr.o [2]
EvrRtxKernelStarted          0x2a65     0x2  Code  Wk  rtx_evr.o [2]
EvrRtxMemoryAlloc            0x12c9     0x2  Code  Wk  rtx_evr.o [2]
EvrRtxMemoryBlockAlloc       0x12c5     0x2  Code  Wk  rtx_evr.o [2]
EvrRtxMemoryBlockFree        0x12c7     0x2  Code  Wk  rtx_evr.o [2]
EvrRtxMemoryBlockInit        0x12c3     0x2  Code  Wk  rtx_evr.o [2]
EvrRtxMemoryFree             0x12ff     0x2  Code  Wk  rtx_evr.o [2]
EvrRtxMemoryInit             0x2a71     0x2  Code  Wk  rtx_evr.o [2]
EvrRtxMemoryPoolAllocTimeout
                              0xd3b     0x2  Code  Wk  rtx_evr.o [2]
EvrRtxMessageQueueCreated
                             0x19e3     0x2  Code  Wk  rtx_evr.o [2]
EvrRtxMessageQueueError
                             0x19db     0x2  Code  Wk  rtx_evr.o [2]
EvrRtxMessageQueueGet        0x1b67     0x2  Code  Wk  rtx_evr.o [2]
EvrRtxMessageQueueGetPending
                             0x19e9     0x2  Code  Wk  rtx_evr.o [2]
EvrRtxMessageQueueGetTimeout
                              0xd3d     0x2  Code  Wk  rtx_evr.o [2]
EvrRtxMessageQueueInsertPending
                             0x1b65     0x2  Code  Wk  rtx_evr.o [2]
EvrRtxMessageQueueInserted
                             0x19d7     0x2  Code  Wk  rtx_evr.o [2]
EvrRtxMessageQueueNew        0x19ed     0x2  Code  Wk  rtx_evr.o [2]
EvrRtxMessageQueueNotInserted
                             0x19e7     0x2  Code  Wk  rtx_evr.o [2]
EvrRtxMessageQueueNotRetrieved
                             0x19eb     0x2  Code  Wk  rtx_evr.o [2]
EvrRtxMessageQueuePut        0x19ef     0x2  Code  Wk  rtx_evr.o [2]
EvrRtxMessageQueuePutPending
                             0x19e5     0x2  Code  Wk  rtx_evr.o [2]
EvrRtxMessageQueuePutTimeout
                              0xd3f     0x2  Code  Wk  rtx_evr.o [2]
EvrRtxMessageQueueRetrieved
                             0x19d9     0x2  Code  Wk  rtx_evr.o [2]
EvrRtxMutexAcquire           0x130f     0x2  Code  Wk  rtx_evr.o [2]
EvrRtxMutexAcquirePending
                             0x1309     0x2  Code  Wk  rtx_evr.o [2]
EvrRtxMutexAcquireTimeout
                              0xd37     0x2  Code  Wk  rtx_evr.o [2]
EvrRtxMutexAcquired          0x1303     0x2  Code  Wk  rtx_evr.o [2]
EvrRtxMutexCreated           0x1307     0x2  Code  Wk  rtx_evr.o [2]
EvrRtxMutexError             0x1305     0x2  Code  Wk  rtx_evr.o [2]
EvrRtxMutexNew               0x130d     0x2  Code  Wk  rtx_evr.o [2]
EvrRtxMutexNotAcquired       0x130b     0x2  Code  Wk  rtx_evr.o [2]
EvrRtxMutexRelease           0x1311     0x2  Code  Wk  rtx_evr.o [2]
EvrRtxMutexReleased          0x1301     0x2  Code  Wk  rtx_evr.o [2]
EvrRtxSemaphoreAcquireTimeout
                              0xd39     0x2  Code  Wk  rtx_evr.o [2]
EvrRtxThreadBlocked           0xd47     0x2  Code  Wk  rtx_evr.o [2]
EvrRtxThreadCreated           0xef7     0x2  Code  Wk  rtx_evr.o [2]
EvrRtxThreadDestroyed        0x129b     0x2  Code  Wk  rtx_evr.o [2]
EvrRtxThreadEnumerate        0x129d     0x2  Code  Wk  rtx_evr.o [2]
EvrRtxThreadError             0xe6b     0x2  Code  Wk  rtx_evr.o [2]
EvrRtxThreadExit             0x12a1     0x2  Code  Wk  rtx_evr.o [2]
EvrRtxThreadFlagsWaitCompleted
                              0xd49     0x2  Code  Wk  rtx_evr.o [2]
EvrRtxThreadFlagsWaitTimeout
                              0xd33     0x2  Code  Wk  rtx_evr.o [2]
EvrRtxThreadGetId             0xf45     0x2  Code  Wk  rtx_evr.o [2]
EvrRtxThreadGetName           0xf43     0x2  Code  Wk  rtx_evr.o [2]
EvrRtxThreadGetPriority
                              0xf49     0x2  Code  Wk  rtx_evr.o [2]
EvrRtxThreadGetState          0xf47     0x2  Code  Wk  rtx_evr.o [2]
EvrRtxThreadJoined           0x1299     0x2  Code  Wk  rtx_evr.o [2]
EvrRtxThreadNew              0x129f     0x2  Code  Wk  rtx_evr.o [2]
EvrRtxThreadPreempted         0xd43     0x2  Code  Wk  rtx_evr.o [2]
EvrRtxThreadSwitched          0xd45     0x2  Code  Wk  rtx_evr.o [2]
EvrRtxThreadUnblocked         0xd41     0x2  Code  Wk  rtx_evr.o [2]
EvrRtxTimerCallback          0x3325     0x2  Code  Wk  rtx_evr.o [2]
GPIODirModeSet               0x2dc1    0x28  Code  Gb  gpio.o [4]
GPIOPadConfigSet             0x2de9   0x104  Code  Gb  gpio.o [4]
GPIOPinConfigure             0x2f0d    0x36  Code  Gb  gpio.o [4]
GPIOPinTypeUART              0x2ef9    0x14  Code  Gb  gpio.o [4]
IntDisable                   0x21b5    0x56  Code  Gb  interrupt.o [4]
IntEnable                    0x215d    0x56  Code  Gb  interrupt.o [4]
IntMasterDisable             0x214d     0x6  Code  Gb  interrupt.o [4]
IntMasterEnable              0x2145     0x8  Code  Gb  interrupt.o [4]
IsBufferEmpty                0x1bf1    0x12  Code  Lc  uartstdio.o [1]
IsBufferFull                 0x1bd5    0x1c  Code  Lc  uartstdio.o [1]
MessageQueueGet              0x1361    0x40  Code  Lc  rtx_msgqueue.o [2]
MessageQueuePut              0x1315    0x4a  Code  Lc  rtx_msgqueue.o [2]
MessageQueueRemove           0x13a1    0x1a  Code  Lc  rtx_msgqueue.o [2]
OS_Tick_AcknowledgeIRQ       0x1bc9     0xc  Code  Wk  os_systick.o [2]
OS_Tick_Enable               0x2a39    0x2c  Code  Wk  os_systick.o [2]
OS_Tick_GetIRQn              0x2a31     0x6  Code  Wk  os_systick.o [2]
OS_Tick_Setup                0x29f1    0x40  Code  Wk  os_systick.o [2]
PendST                  0x2000'189a     0x1  Data  Lc  os_systick.o [2]
PendSV_Handler               0x33c1          Code  Gb  irq_cm4f.o [2]
Region$$Table$$Base          0x3634           --   Gb  - Linker created -
Region$$Table$$Limit         0x3654           --   Gb  - Linker created -
SVC_Handler                  0x3329          Code  Gb  irq_cm4f.o [2]
SysCtlClockFreqSet           0x23bd   0x218  Code  Gb  sysctl.o [4]
SysCtlPeripheralEnable       0x239f     0x8  Code  Gb  sysctl.o [4]
SysCtlPeripheralPresent
                             0x2373     0xa  Code  Gb  sysctl.o [4]
SysCtlPeripheralReady        0x237d     0x8  Code  Gb  sysctl.o [4]
SysTick_Handler              0x33d1          Code  Gb  irq_cm4f.o [2]
SystemCoreClock         0x2000'189c     0x4  Data  Gb  system_TM4C1294_TW.o [1]
SystemInit                   0x354d    0x1c  Code  Gb  system_TM4C1294_TW.o [1]
ThreadFlagsCheck              0x3c1    0x6c  Code  Lc  rtx_thread.o [2]
TimerInsert                  0x3251    0x38  Code  Lc  rtx_timer.o [2]
UART0_Handler                0x2abf     0x8  Code  Gb  elevator.o [1]
UARTCharGetNonBlocking       0x22ff    0x14  Code  Gb  uart.o [4]
UARTCharPutNonBlocking       0x2313    0x18  Code  Gb  uart.o [4]
UARTCharsAvail               0x22e7     0x8  Code  Gb  uart.o [4]
UARTConfigSetExpClk          0x2245    0x5c  Code  Gb  uart.o [4]
UARTDisable                  0x22bb    0x22  Code  Gb  uart.o [4]
UARTEnable                   0x22a1    0x1a  Code  Gb  uart.o [4]
UARTFIFOLevelSet             0x223d     0x8  Code  Gb  uart.o [4]
UARTFlushRx                  0x1f7d    0x1c  Code  Gb  uartstdio.o [1]
UARTFlushTx                  0x1f99    0x30  Code  Gb  uartstdio.o [1]
UARTInit                     0x2a75    0x4a  Code  Gb  elevator.o [1]
UARTIntClear                 0x2349     0x6  Code  Gb  uart.o [4]
UARTIntDisable               0x2331     0x4  Code  Gb  uart.o [4]
UARTIntEnable                0x232b     0x6  Code  Gb  uart.o [4]
UARTIntStatus                0x233d     0xc  Code  Gb  uart.o [4]
UARTPrimeTransmit            0x1c03    0x7a  Code  Lc  uartstdio.o [1]
UARTSpaceAvail               0x22ef     0x6  Code  Gb  uart.o [4]
UARTStdioConfig              0x1c7d    0x92  Code  Gb  uartstdio.o [1]
UARTStdioIntHandler          0x1fcd   0x132  Code  Gb  uartstdio.o [1]
UARTStdioIntHandler::bLastWasCR
                        0x2000'1899     0x1  Data  Lc  uartstdio.o [1]
UARTprintf                   0x1f6f     0xe  Code  Gb  uartstdio.o [1]
UARTvprintf                  0x1db9   0x1b6  Code  Gb  uartstdio.o [1]
UARTwrite                    0x1d0f    0xaa  Code  Gb  uartstdio.o [1]
_SysCtlMemTimingGet          0x2351    0x22  Code  Lc  sysctl.o [4]
__Vectors                       0x0           --   Gb  startup_TM4C1294.o [1]
__Vectors_End                 0x3c0          Data  Gb  startup_TM4C1294.o [1]
__Vectors_Size {Abs}          0x3c0           --   Gb  startup_TM4C1294.o [1]
__aeabi_memclr               0x19dd          Code  Gb  ABImemclr.o [5]
__aeabi_memclr4               0xef1          Code  Gb  ABImemclr4.o [5]
__aeabi_memcpy               0x1931          Code  Gb  ABImemcpy.o [5]
__aeabi_memcpy4              0x1951          Code  Gb  ABImemcpy.o [5]
__aeabi_memcpy8              0x1951          Code  Gb  ABImemcpy.o [5]
__cmain                      0x3675          Code  Gb  cmain.o [5]
__exit                       0x36a9    0x14  Code  Gb  exit.o [6]
__iar_Memset4_word           0x12cd          Code  Gb  ABImemset48.o [5]
__iar_Memset8_word           0x12cd          Code  Gb  ABImemset48.o [5]
__iar_Memset_word            0x1b69          Code  Gb  ABImemset.o [5]
__iar_data_init3             0x357d    0x28  Code  Gb  data_init.o [5]
__iar_init_vfp               0x36fd          Code  Wk  startup_TM4C1294.o [1]
__iar_packbits_init_single3
                              0xd4b    0x3a  Code  Gb  packbits_init_single.o [5]
__iar_program_start          0x36d9          Code  Gb  cstartup_M.o [5]
__iar_zero_init3             0x34e5    0x38  Code  Gb  zero_init3.o [5]
__low_level_init             0x3693     0x4  Code  Gb  low_level_init.o [3]
__vector_table                  0x0          Data  Gb  startup_TM4C1294.o [1]
__vector_table_0x1c            0x1c          Data  Gb  startup_TM4C1294.o [1]
_call_main                   0x3681          Code  Gb  cmain.o [5]
_exit                        0x369d          Code  Gb  cexit.o [5]
exit                         0x3697     0x4  Code  Gb  exit.o [3]
g_bDisableEcho          0x2000'1898     0x1  Data  Lc  uartstdio.o [1]
g_pcHex                      0x388c     0x4  Data  Lc  uartstdio.o [1]
g_pcUARTRxBuffer        0x2000'16a8    0x80  Data  Lc  uartstdio.o [1]
g_pcUARTTxBuffer        0x2000'10a8   0x400  Data  Lc  uartstdio.o [1]
g_pppui32XTALtoVCO           0x3034   0x1b0  Data  Lc  sysctl.o [4]
g_pui32Dii16Regs             0x2228    0x14  Data  Lc  interrupt.o [4]
g_pui32EnRegs                0x2214    0x14  Data  Lc  interrupt.o [4]
g_pui32GPIOBaseAddrs         0x33ec    0x90  Data  Lc  gpio.o [4]
g_pui32VCOFrequencies        0x2610     0x8  Data  Lc  sysctl.o [4]
g_pui32Xtals                 0x31e4    0x6c  Data  Lc  sysctl.o [4]
g_sXTALtoMEMTIM              0x351c    0x30  Data  Lc  sysctl.o [4]
g_ui32Base              0x2000'1890     0x4  Data  Lc  uartstdio.o [1]
g_ui32PortNum           0x2000'1894     0x4  Data  Lc  uartstdio.o [1]
g_ui32UARTBase               0x383c     0xc  Data  Lc  uartstdio.o [1]
g_ui32UARTInt                0x3848     0xc  Data  Lc  uartstdio.o [1]
g_ui32UARTPeriph             0x3854     0xc  Data  Lc  uartstdio.o [1]
g_ui32UARTRxReadIndex   0x2000'188c     0x4  Data  Lc  uartstdio.o [1]
g_ui32UARTRxWriteIndex  0x2000'1888     0x4  Data  Lc  uartstdio.o [1]
g_ui32UARTTxReadIndex   0x2000'1884     0x4  Data  Lc  uartstdio.o [1]
g_ui32UARTTxWriteIndex  0x2000'1880     0x4  Data  Lc  uartstdio.o [1]
main                         0x2cf5    0x52  Code  Gb  elevator.o [1]
myKernelInfo                 0x2ac7    0x34  Code  Gb  elevator.o [1]
myKernelState                0x2afb    0x52  Code  Gb  elevator.o [1]
myThreadInfo                 0x2b9f    0x5a  Code  Gb  elevator.o [1]
myThreadState                0x2b4d    0x52  Code  Gb  elevator.o [1]
osDelay                      0x2fad    0x38  Code  Gb  rtx_delay.o [2]
osDelayUntil                 0x2fe5    0x38  Code  Gb  rtx_delay.o [2]
osKernelGetInfo              0x2861    0x6a  Code  Gb  rtx_kernel.o [2]
osKernelGetState             0x28cd    0x40  Code  Gb  rtx_kernel.o [2]
osKernelGetTickCount         0x2941    0x20  Code  Gb  rtx_kernel.o [2]
osKernelInitialize           0x2829    0x38  Code  Gb  rtx_kernel.o [2]
osKernelStart                0x290d    0x34  Code  Gb  rtx_kernel.o [2]
osMessageQueueGet            0x188d    0x90  Code  Gb  rtx_msgqueue.o [2]
osMessageQueueNew            0x17b5    0x3e  Code  Gb  rtx_msgqueue.o [2]
osMessageQueuePut            0x17f5    0x98  Code  Gb  rtx_msgqueue.o [2]
osMutexAcquire               0x1209    0x3e  Code  Gb  rtx_mutex.o [2]
osMutexNew                   0x11d1    0x36  Code  Gb  rtx_mutex.o [2]
osMutexRelease               0x1249    0x3a  Code  Gb  rtx_mutex.o [2]
osRtxConfig                  0x347c    0x68  Data  Gb  rtx_lib.o [1]
osRtxErrorNotify             0x12a3    0x20  Code  Gb  RTX_Config.o [1]
osRtxIdleThread              0x2bf9     0x4  Code  Gb  elevator.o [1]
osRtxInfo               0x2000'0000    0xa4  Data  Gb  rtx_kernel.o [2]
osRtxKernelPreInit           0x2a67     0x2  Code  Gb  rtx_lib.o [1]
osRtxMemoryAlloc              0xe6d    0x82  Code  Wk  rtx_memory.o [2]
osRtxMemoryFree               0xef9    0x4a  Code  Wk  rtx_memory.o [2]
osRtxMemoryInit              0x29a7    0x44  Code  Wk  rtx_memory.o [2]
osRtxMemoryPoolAlloc          0xdd1    0x44  Code  Gb  rtx_mempool.o [2]
osRtxMemoryPoolFree           0xe15    0x56  Code  Gb  rtx_mempool.o [2]
osRtxMemoryPoolInit           0xd85    0x4a  Code  Gb  rtx_mempool.o [2]
osRtxMessageQueuePostProcess
                             0x13bb    0xe6  Code  Lc  rtx_msgqueue.o [2]
osRtxMutexOwnerRelease        0xf4d    0x52  Code  Gb  rtx_mutex.o [2]
osRtxPendSV_Handler          0x1a61    0x8a  Code  Gb  rtx_system.o [2]
osRtxPostProcess             0x1aed    0x6e  Code  Gb  rtx_system.o [2]
osRtxThreadBlock              0x64b    0x34  Code  Lc  rtx_thread.o [2]
osRtxThreadDelayInsert        0x4a3    0x62  Code  Lc  rtx_thread.o [2]
osRtxThreadDelayRemove        0x505    0x44  Code  Lc  rtx_thread.o [2]
osRtxThreadDelayTick          0x549    0xee  Code  Gb  rtx_thread.o [2]
osRtxThreadDispatch           0x69b    0x54  Code  Gb  rtx_thread.o [2]
osRtxThreadFree               0xa0d    0x56  Code  Lc  rtx_thread.o [2]
osRtxThreadListGet            0x44f    0x14  Code  Gb  rtx_thread.o [2]
osRtxThreadListPut            0x42d    0x22  Code  Gb  rtx_thread.o [2]
osRtxThreadListRemove         0x485    0x16  Code  Gb  rtx_thread.o [2]
osRtxThreadListSort           0x463    0x22  Code  Gb  rtx_thread.o [2]
osRtxThreadPostProcess        0x763    0x54  Code  Lc  rtx_thread.o [2]
osRtxThreadReadyPut           0x49b     0x8  Code  Gb  rtx_thread.o [2]
osRtxThreadRegPtr             0x637    0x14  Code  Gb  rtx_thread.o [2]
osRtxThreadStartup            0xb5d    0x30  Code  Gb  rtx_thread.o [2]
osRtxThreadSwitch             0x67f    0x1c  Code  Gb  rtx_thread.o [2]
osRtxThreadWaitEnter          0x729    0x3a  Code  Gb  rtx_thread.o [2]
osRtxThreadWaitExit           0x6f5    0x2e  Code  Gb  rtx_thread.o [2]
osRtxTick_Handler            0x19f1    0x6e  Code  Gb  rtx_system.o [2]
osRtxTimerThread             0x32e1    0x44  Code  Wk  rtx_timer.o [2]
osRtxTimerTick               0x3289    0x54  Code  Lc  rtx_timer.o [2]
osRtxUserSVC                 0x3888     0x4  Data  Gb  rtx_lib.o [1]
osThreadEnumerate             0xcb5    0x2a  Code  Gb  rtx_thread.o [2]
osThreadExit                  0xc95    0x16  Code  Gb  rtx_thread.o [2]
osThreadGetId                 0xbfd    0x32  Code  Gb  rtx_thread.o [2]
osThreadGetName               0xbd1    0x2c  Code  Gb  rtx_thread.o [2]
osThreadGetPriority           0xc61    0x28  Code  Gb  rtx_thread.o [2]
osThreadGetState              0xc31    0x2c  Code  Gb  rtx_thread.o [2]
osThreadNew                   0xb91    0x40  Code  Gb  rtx_thread.o [2]
os_idle_thread_attr          0x35ec    0x24  Data  Lc  rtx_lib.o [1]
os_idle_thread_cb       0x2000'1778    0x44  Data  Lc  rtx_lib.o [1]
os_idle_thread_stack    0x2000'14a8   0x100  Data  Lc  rtx_lib.o [1]
os_isr_queue            0x2000'1800    0x40  Data  Lc  rtx_lib.o [1]
os_mem                  0x2000'00a8  0x1000  Data  Lc  rtx_lib.o [1]
os_timer_mq_attr             0x3750    0x18  Data  Lc  rtx_lib.o [1]
os_timer_mq_cb          0x2000'1840    0x34  Data  Lc  rtx_lib.o [1]
os_timer_mq_data        0x2000'1728    0x50  Data  Lc  rtx_lib.o [1]
os_timer_thread_attr         0x3610    0x24  Data  Lc  rtx_lib.o [1]
os_timer_thread_cb      0x2000'17bc    0x44  Data  Lc  rtx_lib.o [1]
os_timer_thread_stack   0x2000'15a8   0x100  Data  Lc  rtx_lib.o [1]
svcRtxDelay                  0x2f4d    0x24  Code  Lc  rtx_delay.o [2]
svcRtxDelayUntil             0x2f71    0x3c  Code  Lc  rtx_delay.o [2]
svcRtxKernelGetInfo          0x273f    0x34  Code  Lc  rtx_kernel.o [2]
svcRtxKernelGetState         0x277b    0x12  Code  Lc  rtx_kernel.o [2]
svcRtxKernelGetTickCount
                             0x2823     0x4  Code  Lc  rtx_kernel.o [2]
svcRtxKernelInitialize       0x2629   0x116  Code  Lc  rtx_kernel.o [2]
svcRtxKernelStart            0x278d    0x96  Code  Lc  rtx_kernel.o [2]
svcRtxMessageQueueGet        0x16a5    0xe8  Code  Lc  rtx_msgqueue.o [2]
svcRtxMessageQueueNew        0x14a1   0x130  Code  Lc  rtx_msgqueue.o [2]
svcRtxMessageQueuePut        0x15d1    0xd4  Code  Lc  rtx_msgqueue.o [2]
svcRtxMutexAcquire           0x101d    0xd2  Code  Lc  rtx_mutex.o [2]
svcRtxMutexNew                0xf9f    0x7e  Code  Lc  rtx_mutex.o [2]
svcRtxMutexRelease           0x10ef    0xd6  Code  Lc  rtx_mutex.o [2]
svcRtxThreadEnumerate         0xaf1    0x66  Code  Lc  rtx_thread.o [2]
svcRtxThreadExit              0xa63    0x8e  Code  Lc  rtx_thread.o [2]
svcRtxThreadGetId             0x9a9    0x12  Code  Lc  rtx_thread.o [2]
svcRtxThreadGetName           0x989    0x20  Code  Lc  rtx_thread.o [2]
svcRtxThreadGetPriority
                              0x9df    0x28  Code  Lc  rtx_thread.o [2]
svcRtxThreadGetState          0x9bb    0x24  Code  Lc  rtx_thread.o [2]
svcRtxThreadNew               0x7b7   0x1cc  Code  Lc  rtx_thread.o [2]
thread1                      0x2bfd    0x86  Code  Gb  elevator.o [1]
thread1_attr                 0x35a4    0x24  Data  Gb  elevator.o [1]
thread1_id              0x2000'1874     0x4  Data  Gb  elevator.o [1]
thread2                      0x2c83    0x72  Code  Gb  elevator.o [1]
thread2_attr                 0x35c8    0x24  Data  Gb  elevator.o [1]
thread2_id              0x2000'1878     0x4  Data  Gb  elevator.o [1]
uart_id                 0x2000'187c     0x4  Data  Gb  elevator.o [1]


[1] = D:\WorkSpace\Embarcados\Projects\EK-TM4C1294_RTOS_IAR8\Projects\elevator\ewarm\Obj
[2] = RTX_CM.a
[3] = dl7M_tln.a
[4] = driverlib.a
[5] = rt7M_tl.a
[6] = shb_l.a

  13'014 bytes of readonly  code memory
   1'479 bytes of readonly  data memory
  39'071 bytes of readwrite data memory

Errors: none
Warnings: none
