###############################################################################
#
# IAR ELF Linker V9.10.1.308/W64 for ARM                  16/May/2021  23:27:36
# Copyright 2007-2021 IAR Systems AB.
#
#    Output file  =
#        D:\WorkSpace\Embarcados\Projects\EK-TM4C1294_RTOS_IAR8\Projects\elevator\ewarm\Exe\elevator.out
#    Map file     =
#        D:\WorkSpace\Embarcados\Projects\EK-TM4C1294_RTOS_IAR8\Projects\elevator\ewarm\List\elevator.map
#    Command line =
#        -f
#        D:\WorkSpace\Embarcados\Projects\EK-TM4C1294_RTOS_IAR8\Projects\elevator\ewarm\Exe\elevator.out.rsp
#        (D:\WorkSpace\Embarcados\Projects\EK-TM4C1294_RTOS_IAR8\TivaWare_C_Series-2.1.4.178\driverlib\ewarm\Exe\driverlib.a
#        D:\WorkSpace\Embarcados\Projects\EK-TM4C1294_RTOS_IAR8\Projects\elevator\ewarm\Obj\elevator.o
#        D:\WorkSpace\Embarcados\Projects\EK-TM4C1294_RTOS_IAR8\CMSIS-5.6.0\CMSIS\RTOS2\RTX\Library\IAR\IDE\CM4F\Exe\RTX_CM.a
#        D:\WorkSpace\Embarcados\Projects\EK-TM4C1294_RTOS_IAR8\Projects\elevator\ewarm\Obj\RTX_Config.o
#        D:\WorkSpace\Embarcados\Projects\EK-TM4C1294_RTOS_IAR8\Projects\elevator\ewarm\Obj\rtx_lib.o
#        D:\WorkSpace\Embarcados\Projects\EK-TM4C1294_RTOS_IAR8\Projects\elevator\ewarm\Obj\startup_TM4C1294.o
#        D:\WorkSpace\Embarcados\Projects\EK-TM4C1294_RTOS_IAR8\Projects\elevator\ewarm\Obj\system_TM4C1294_TW.o
#        D:\WorkSpace\Embarcados\Projects\EK-TM4C1294_RTOS_IAR8\Projects\elevator\ewarm\Obj\uartstdio.o
#        --no_out_extension -o
#        D:\WorkSpace\Embarcados\Projects\EK-TM4C1294_RTOS_IAR8\Projects\elevator\ewarm\Exe\elevator.out
#        --map
#        D:\WorkSpace\Embarcados\Projects\EK-TM4C1294_RTOS_IAR8\Projects\elevator\ewarm\List\elevator.map
#        --config "C:\Program Files\IAR Systems\Embedded Workbench
#        9.0\arm\config\linker\TexasInstruments\TM4C1294NC.icf" --semihosting
#        --entry __iar_program_start --vfe --text_out locale)
#
###############################################################################

*******************************************************************************
*** RUNTIME MODEL ATTRIBUTES
***

CppFlavor       = *
__SystemLibrary = DLib
__dlib_version  = 6


*******************************************************************************
*** HEAP SELECTION
***

The basic heap was selected because some modules are built with
size limitations (and not runtime checking), and --advanced_heap
was not specified.


*******************************************************************************
*** PLACEMENT SUMMARY
***

"A0":  place at address 0x0 { ro section .intvec };
"P1":  place in [from 0x0 to 0xf'ffff] { ro };
define block CSTACK with size = 32K, alignment = 8 { };
define block HEAP with size = 64K, alignment = 8 { };
"P2":  place in [from 0x2000'0000 to 0x2003'ffff] {
          rw, block CSTACK, block HEAP };
initialize by copy { rw };

  Section               Kind         Address    Size  Object
  -------               ----         -------    ----  ------
"A0":                                          0x3c0
  .intvec               ro code          0x0   0x3c0  startup_TM4C1294.o [1]
                                     - 0x3c0   0x3c0

"P1":                                         0x2caf
  .text                 ro code        0x3c0   0x768  rtx_thread.o [2]
  .text                 ro code        0xb28     0x2  rtx_evr.o [2]
  .text                 ro code        0xb2a     0x2  rtx_evr.o [2]
  .text                 ro code        0xb2c     0x2  rtx_evr.o [2]
  .text                 ro code        0xb2e     0x2  rtx_evr.o [2]
  .text                 ro code        0xb30     0x2  rtx_evr.o [2]
  .text                 ro code        0xb32     0x2  rtx_evr.o [2]
  .text                 ro code        0xb34     0x2  rtx_evr.o [2]
  .text                 ro code        0xb36     0x2  rtx_evr.o [2]
  .text                 ro code        0xb38     0x2  rtx_evr.o [2]
  .text                 ro code        0xb3a     0x2  rtx_evr.o [2]
  .text                 ro code        0xb3c     0x2  rtx_evr.o [2]
  .text                 ro code        0xb3e     0x2  rtx_evr.o [2]
  .text                 ro code        0xb40     0x2  rtx_evr.o [2]
  .text                 ro code        0xb42    0x3a  packbits_init_single.o [5]
  .text                 ro code        0xb7c    0xe6  rtx_mempool.o [2]
  .text                 ro code        0xc62     0x2  rtx_evr.o [2]
  .text                 ro code        0xc64    0x82  rtx_memory.o [2]
  .text                 ro code        0xce6     0x2  RTX_Config.o [1]
  .text                 ro code        0xce8     0x6  ABImemclr4.o [5]
  .text                 ro code        0xcee     0x2  rtx_evr.o [2]
  .text                 ro code        0xcf0    0x4a  rtx_memory.o [2]
  .text                 ro code        0xd3a     0x2  startup_TM4C1294.o [1]
  .text                 ro code        0xd3c    0x52  rtx_mutex.o [2]
  .text                 ro code        0xd8e     0x2  rtx_evr.o [2]
  .text                 ro code        0xd90     0x2  rtx_evr.o [2]
  .text                 ro code        0xd92     0x2  rtx_evr.o [2]
  .text                 ro code        0xd94     0x2  rtx_evr.o [2]
  .text                 ro code        0xd96    0x20  RTX_Config.o [1]
  .text                 ro code        0xdb6     0x2  rtx_evr.o [2]
  .text                 ro code        0xdb8     0x2  rtx_evr.o [2]
  .text                 ro code        0xdba     0x2  rtx_evr.o [2]
  .text                 ro code        0xdbc     0x2  rtx_evr.o [2]
  .text                 ro code        0xdc0    0x32  ABImemset48.o [5]
  .text                 ro code        0xdf2     0x2  rtx_evr.o [2]
  .text                 ro code        0xdf4     0x2  rtx_evr.o [2]
  .text                 ro code        0xdf6     0x2  rtx_evr.o [2]
  .text                 ro code        0xdf8   0x67c  rtx_msgqueue.o [2]
  .text                 ro code       0x1474    0xa6  ABImemcpy.o [5]
  .text                 ro code       0x151a     0x2  rtx_evr.o [2]
  .text                 ro code       0x151c     0x2  rtx_evr.o [2]
  .text                 ro code       0x151e     0x2  rtx_evr.o [2]
  .text                 ro code       0x1520     0x6  ABImemclr.o [5]
  .text                 ro code       0x1526     0x2  rtx_evr.o [2]
  .text                 ro code       0x1528     0x2  rtx_evr.o [2]
  .text                 ro code       0x152a     0x2  rtx_evr.o [2]
  .text                 ro code       0x152c     0x2  rtx_evr.o [2]
  .text                 ro code       0x152e     0x2  rtx_evr.o [2]
  .text                 ro code       0x1530     0x2  rtx_evr.o [2]
  .text                 ro code       0x1532     0x2  rtx_evr.o [2]
  .text                 ro code       0x1534     0x2  rtx_evr.o [2]
  .text                 ro code       0x1538   0x174  rtx_system.o [2]
  .text                 ro code       0x16ac     0x2  rtx_evr.o [2]
  .text                 ro code       0x16ae     0x2  rtx_evr.o [2]
  .text                 ro code       0x16b0    0x5e  ABImemset.o [5]
  .text                 ro code       0x1710     0xc  os_systick.o [2]
  .text                 ro code       0x171c   0x5e8  uartstdio.o [1]
  .text                 ro code       0x1d04    0xf8  interrupt.o [4]
  .text                 ro code       0x1dfc   0x112  uart.o [4]
  .text                 ro code       0x1f10   0x2c8  sysctl.o [4]
  .text                 ro code       0x21d8    0x10  cpu.o [4]
  .text                 ro code       0x21e8   0x2b8  elevator.o [1]
  .text                 ro code       0x24a0   0x18c  gpio.o [4]
  .text                 ro code       0x262c   0x294  rtx_kernel.o [2]
  .text                 ro code       0x28c0     0x2  rtx_evr.o [2]
  .text                 ro code       0x28c2    0x44  rtx_memory.o [2]
  .text                 ro code       0x2906     0x2  rtx_evr.o [2]
  .text                 ro code       0x2908     0x2  rtx_evr.o [2]
  .text                 ro code       0x290c    0x40  os_systick.o [2]
  .text                 ro code       0x294c     0x6  os_systick.o [2]
  .text                 ro code       0x2954    0x2c  os_systick.o [2]
  .text                 ro code       0x2980     0x2  rtx_evr.o [2]
  .text                 ro code       0x2982     0x2  rtx_lib.o [1]
  .text                 ro code       0x2984     0x2  rtx_evr.o [2]
  .text                 ro code       0x2986     0x2  rtx_evr.o [2]
  .text                 ro code       0x2988     0x2  rtx_evr.o [2]
  .rodata               const         0x298c   0x21c  sysctl.o [4]
  .text                 ro code       0x2ba8    0xd4  rtx_timer.o [2]
  .text                 ro code       0x2c7c     0x2  rtx_evr.o [2]
  .text                 ro code       0x2c80    0xc4  irq_cm4f.o [2]
  .rodata               const         0x2d44    0x90  gpio.o [4]
  .rodata               const         0x2dd4    0x68  rtx_lib.o [1]
  .text                 ro code       0x2e3c    0x38  zero_init3.o [5]
  .rodata               const         0x2e74    0x30  sysctl.o [4]
  .text                 ro code       0x2ea4    0x30  system_TM4C1294_TW.o [1]
  .text                 ro code       0x2ed4    0x28  data_init.o [5]
  .rodata               const         0x2efc    0x24  rtx_lib.o [1]
  .rodata               const         0x2f20    0x24  rtx_lib.o [1]
  .iar.init_table       const         0x2f44    0x20  - Linker created -
  .text                 ro code       0x2f64    0x1e  cmain.o [5]
  .text                 ro code       0x2f82     0x4  low_level_init.o [3]
  .text                 ro code       0x2f86     0x4  exit.o [3]
  .text                 ro code       0x2f8c     0xa  cexit.o [5]
  .text                 ro code       0x2f98    0x14  exit.o [6]
  .text                 ro code       0x2fac    0x1c  cstartup_M.o [5]
  .text                 ro code       0x2fc8    0x14  startup_TM4C1294.o [1]
  .rodata               const         0x2fdc    0x18  rtx_lib.o [1]
  .rodata               const         0x2ff4    0x14  uartstdio.o [1]
  .rodata               const         0x3008    0x10  rtx_lib.o [1]
  .rodata               const         0x3018     0xc  rtx_lib.o [1]
  .rodata               const         0x3024     0xc  uartstdio.o [1]
  .rodata               const         0x3030     0xc  uartstdio.o [1]
  .rodata               const         0x303c     0xc  uartstdio.o [1]
  .rodata               const         0x3048     0x8  elevator.o [1]
  .rodata               const         0x3050     0x8  uartstdio.o [1]
  .rodata               const         0x3058     0x4  rtx_lib.o [1]
  .rodata               const         0x305c     0x4  uartstdio.o [1]
  .rodata               const         0x3060     0x0  zero_init3.o [5]
  .rodata               const         0x3060     0x0  packbits_init_single.o [5]
  Initializer bytes     const         0x3060     0xf  <for P2-1>
                                    - 0x306f  0x2caf

"P2", part 1 of 3:                              0xa7
  P2-1                           0x2000'0000    0xa7  <Init block>
    .data.os            inited   0x2000'0000    0xa4  rtx_kernel.o [2]
    .data               inited   0x2000'00a4     0x1  elevator.o [1]
    .data               inited   0x2000'00a5     0x1  elevator.o [1]
    .data               inited   0x2000'00a6     0x1  elevator.o [1]
                               - 0x2000'00a7    0xa7

"P2", part 2 of 3:                            0x2c04
  .bss.os               zero     0x2000'00a8  0x2000  rtx_lib.o [1]
  .bss                  zero     0x2000'20a8   0x800  uartstdio.o [1]
  .bss.os.thread.stack  zero     0x2000'28a8   0x100  rtx_lib.o [1]
  .bss.os.thread.stack  zero     0x2000'29a8   0x100  rtx_lib.o [1]
  .bss                  zero     0x2000'2aa8    0x80  uartstdio.o [1]
  .bss.os.msgqueue.mem  zero     0x2000'2b28    0x50  rtx_lib.o [1]
  .bss.os.thread.cb     zero     0x2000'2b78    0x44  rtx_lib.o [1]
  .bss.os.thread.cb     zero     0x2000'2bbc    0x44  rtx_lib.o [1]
  .bss.os               zero     0x2000'2c00    0x40  rtx_lib.o [1]
  .bss.os.msgqueue.cb   zero     0x2000'2c40    0x34  rtx_lib.o [1]
  .bss                  zero     0x2000'2c74     0x4  elevator.o [1]
  .bss                  zero     0x2000'2c78     0x4  elevator.o [1]
  .bss                  zero     0x2000'2c7c     0x4  elevator.o [1]
  .bss                  zero     0x2000'2c80     0x4  elevator.o [1]
  .bss                  zero     0x2000'2c84     0x4  elevator.o [1]
  .bss                  zero     0x2000'2c88     0x4  uartstdio.o [1]
  .bss                  zero     0x2000'2c8c     0x4  uartstdio.o [1]
  .bss                  zero     0x2000'2c90     0x4  uartstdio.o [1]
  .bss                  zero     0x2000'2c94     0x4  uartstdio.o [1]
  .bss                  zero     0x2000'2c98     0x4  uartstdio.o [1]
  .bss                  zero     0x2000'2c9c     0x4  uartstdio.o [1]
  .bss                  zero     0x2000'2ca0     0x1  elevator.o [1]
  .bss                  zero     0x2000'2ca1     0x1  elevator.o [1]
  .bss                  zero     0x2000'2ca2     0x1  elevator.o [1]
  .bss                  zero     0x2000'2ca3     0x1  elevator.o [1]
  .bss                  zero     0x2000'2ca4     0x1  elevator.o [1]
  .bss                  zero     0x2000'2ca5     0x1  elevator.o [1]
  .bss                  zero     0x2000'2ca6     0x1  uartstdio.o [1]
  .bss                  zero     0x2000'2ca7     0x1  uartstdio.o [1]
  .bss                  zero     0x2000'2ca8     0x1  os_systick.o [2]
                               - 0x2000'2ca9  0x2c01

"P2", part 3 of 3:                            0x8004
  .noinit               uninit   0x2000'2cac     0x4  system_TM4C1294_TW.o [1]
  CSTACK                         0x2000'2cb0  0x8000  <Block>
    CSTACK              uninit   0x2000'2cb0  0x8000  <Block tail>
                               - 0x2000'acb0  0x8004

Unused ranges:

         From           To      Size
         ----           --      ----
       0x306f     0xf'ffff  0xf'cf91
  0x2000'00a7  0x2000'00a7       0x1
  0x2000'acb0  0x2003'ffff  0x3'5350


*******************************************************************************
*** INIT TABLE
***

          Address      Size
          -------      ----
Zero (__iar_zero_init3)
    1 destination range, total size 0x2c01:
          0x2000'00a8  0x2c01

Copy/packbits (__iar_packbits_init_single3)
    1 source range, total size 0xf (8% of destination):
               0x3060     0xf
    1 destination range, total size 0xa7:
          0x2000'0000    0xa7



*******************************************************************************
*** MODULE SUMMARY
***

    Module                  ro code  ro data  rw data
    ------                  -------  -------  -------
command line/config:
    -------------------------------------------------
    Total:

D:\WorkSpace\Embarcados\Projects\EK-TM4C1294_RTOS_IAR8\Projects\elevator\ewarm\Obj: [1]
    RTX_Config.o                 34
    elevator.o                  696        9       29
    rtx_lib.o                     2      232    9'036
    startup_TM4C1294.o          982
    system_TM4C1294_TW.o         48                 4
    uartstdio.o               1'512       68    2'202
    -------------------------------------------------
    Total:                    3'274      309   11'271

RTX_CM.a: [2]
    irq_cm4f.o                  196
    os_systick.o                126                 1
    rtx_evr.o                    94
    rtx_kernel.o                660       14      164
    rtx_memory.o                272
    rtx_mempool.o               230
    rtx_msgqueue.o            1'660
    rtx_mutex.o                  82
    rtx_system.o                372
    rtx_thread.o              1'896
    rtx_timer.o                 212
    -------------------------------------------------
    Total:                    5'800       14      165

dl7M_tln.a: [3]
    exit.o                        4
    low_level_init.o              4
    -------------------------------------------------
    Total:                        8

driverlib.a: [4]
    cpu.o                        16
    gpio.o                      396      144
    interrupt.o                 248
    sysctl.o                    712      588
    uart.o                      274
    -------------------------------------------------
    Total:                    1'646      732

rt7M_tl.a: [5]
    ABImemclr.o                   6
    ABImemclr4.o                  6
    ABImemcpy.o                 166
    ABImemset.o                  94
    ABImemset48.o                50
    cexit.o                      10
    cmain.o                      30
    cstartup_M.o                 28
    data_init.o                  40
    packbits_init_single.o       58
    zero_init3.o                 56
    -------------------------------------------------
    Total:                      544

shb_l.a: [6]
    exit.o                       20
    -------------------------------------------------
    Total:                       20

    Gaps                         18        2
    Linker created                        32   32'768
-----------------------------------------------------
    Grand Total:             11'310    1'089   44'204


*******************************************************************************
*** ENTRY LIST
***

Entry                       Address    Size  Type      Object
-----                       -------    ----  ----      ------
.iar.init_table$$Base        0x2f44           --   Gb  - Linker created -
.iar.init_table$$Limit       0x2f64           --   Gb  - Linker created -
?main                        0x2f65          Code  Gb  cmain.o [5]
CPUcpsid                     0x21d9     0x8  Code  Gb  cpu.o [4]
CPUcpsie                     0x21e1     0x8  Code  Gb  cpu.o [4]
CSTACK$$Base            0x2000'2cb0           --   Gb  - Linker created -
CSTACK$$Limit           0x2000'acb0           --   Gb  - Linker created -
EvrRtxDelayCompleted          0xb29     0x2  Code  Wk  rtx_evr.o [2]
EvrRtxEventFlagsWaitTimeout
                              0xb2d     0x2  Code  Wk  rtx_evr.o [2]
EvrRtxKernelError            0x28c1     0x2  Code  Wk  rtx_evr.o [2]
EvrRtxKernelGetState         0x2909     0x2  Code  Wk  rtx_evr.o [2]
EvrRtxKernelInitialize       0x2985     0x2  Code  Wk  rtx_evr.o [2]
EvrRtxKernelInitialized
                             0x2907     0x2  Code  Wk  rtx_evr.o [2]
EvrRtxKernelStart            0x2987     0x2  Code  Wk  rtx_evr.o [2]
EvrRtxKernelStarted          0x2981     0x2  Code  Wk  rtx_evr.o [2]
EvrRtxMemoryAlloc             0xdbd     0x2  Code  Wk  rtx_evr.o [2]
EvrRtxMemoryBlockAlloc        0xdb9     0x2  Code  Wk  rtx_evr.o [2]
EvrRtxMemoryBlockFree         0xdbb     0x2  Code  Wk  rtx_evr.o [2]
EvrRtxMemoryBlockInit         0xdb7     0x2  Code  Wk  rtx_evr.o [2]
EvrRtxMemoryFree              0xdf3     0x2  Code  Wk  rtx_evr.o [2]
EvrRtxMemoryInit             0x2989     0x2  Code  Wk  rtx_evr.o [2]
EvrRtxMemoryPoolAllocTimeout
                              0xb33     0x2  Code  Wk  rtx_evr.o [2]
EvrRtxMessageQueueCreated
                             0x1527     0x2  Code  Wk  rtx_evr.o [2]
EvrRtxMessageQueueError
                             0x151f     0x2  Code  Wk  rtx_evr.o [2]
EvrRtxMessageQueueGet        0x16af     0x2  Code  Wk  rtx_evr.o [2]
EvrRtxMessageQueueGetCount
                             0x1531     0x2  Code  Wk  rtx_evr.o [2]
EvrRtxMessageQueueGetPending
                             0x152d     0x2  Code  Wk  rtx_evr.o [2]
EvrRtxMessageQueueGetTimeout
                              0xb35     0x2  Code  Wk  rtx_evr.o [2]
EvrRtxMessageQueueInsertPending
                             0x16ad     0x2  Code  Wk  rtx_evr.o [2]
EvrRtxMessageQueueInserted
                             0x151b     0x2  Code  Wk  rtx_evr.o [2]
EvrRtxMessageQueueNew        0x1533     0x2  Code  Wk  rtx_evr.o [2]
EvrRtxMessageQueueNotInserted
                             0x152b     0x2  Code  Wk  rtx_evr.o [2]
EvrRtxMessageQueueNotRetrieved
                             0x152f     0x2  Code  Wk  rtx_evr.o [2]
EvrRtxMessageQueuePut        0x1535     0x2  Code  Wk  rtx_evr.o [2]
EvrRtxMessageQueuePutPending
                             0x1529     0x2  Code  Wk  rtx_evr.o [2]
EvrRtxMessageQueuePutTimeout
                              0xb37     0x2  Code  Wk  rtx_evr.o [2]
EvrRtxMessageQueueRetrieved
                             0x151d     0x2  Code  Wk  rtx_evr.o [2]
EvrRtxMutexAcquireTimeout
                              0xb2f     0x2  Code  Wk  rtx_evr.o [2]
EvrRtxMutexAcquired           0xdf7     0x2  Code  Wk  rtx_evr.o [2]
EvrRtxMutexReleased           0xdf5     0x2  Code  Wk  rtx_evr.o [2]
EvrRtxSemaphoreAcquireTimeout
                              0xb31     0x2  Code  Wk  rtx_evr.o [2]
EvrRtxThreadBlocked           0xb3f     0x2  Code  Wk  rtx_evr.o [2]
EvrRtxThreadCreated           0xcef     0x2  Code  Wk  rtx_evr.o [2]
EvrRtxThreadDestroyed         0xd91     0x2  Code  Wk  rtx_evr.o [2]
EvrRtxThreadError             0xc63     0x2  Code  Wk  rtx_evr.o [2]
EvrRtxThreadExit              0xd95     0x2  Code  Wk  rtx_evr.o [2]
EvrRtxThreadFlagsWaitCompleted
                              0xb41     0x2  Code  Wk  rtx_evr.o [2]
EvrRtxThreadFlagsWaitTimeout
                              0xb2b     0x2  Code  Wk  rtx_evr.o [2]
EvrRtxThreadJoined            0xd8f     0x2  Code  Wk  rtx_evr.o [2]
EvrRtxThreadNew               0xd93     0x2  Code  Wk  rtx_evr.o [2]
EvrRtxThreadPreempted         0xb3b     0x2  Code  Wk  rtx_evr.o [2]
EvrRtxThreadSwitched          0xb3d     0x2  Code  Wk  rtx_evr.o [2]
EvrRtxThreadUnblocked         0xb39     0x2  Code  Wk  rtx_evr.o [2]
EvrRtxTimerCallback          0x2c7d     0x2  Code  Wk  rtx_evr.o [2]
GPIODirModeSet               0x24a1    0x28  Code  Gb  gpio.o [4]
GPIOPadConfigSet             0x24c9   0x104  Code  Gb  gpio.o [4]
GPIOPinConfigure             0x25ed    0x36  Code  Gb  gpio.o [4]
GPIOPinTypeUART              0x25d9    0x14  Code  Gb  gpio.o [4]
IntDisable                   0x1d75    0x56  Code  Gb  interrupt.o [4]
IntEnable                    0x1d1d    0x56  Code  Gb  interrupt.o [4]
IntMasterDisable             0x1d0d     0x6  Code  Gb  interrupt.o [4]
IntMasterEnable              0x1d05     0x8  Code  Gb  interrupt.o [4]
IsBufferEmpty                0x1739    0x12  Code  Lc  uartstdio.o [1]
IsBufferFull                 0x171d    0x1c  Code  Lc  uartstdio.o [1]
MessageQueueGet               0xe45    0x40  Code  Lc  rtx_msgqueue.o [2]
MessageQueuePut               0xdf9    0x4a  Code  Lc  rtx_msgqueue.o [2]
MessageQueueRemove            0xe85    0x1a  Code  Lc  rtx_msgqueue.o [2]
OS_Tick_AcknowledgeIRQ       0x1711     0xc  Code  Wk  os_systick.o [2]
OS_Tick_Enable               0x2955    0x2c  Code  Wk  os_systick.o [2]
OS_Tick_GetIRQn              0x294d     0x6  Code  Wk  os_systick.o [2]
OS_Tick_Setup                0x290d    0x40  Code  Wk  os_systick.o [2]
PendST                  0x2000'2ca8     0x1  Data  Lc  os_systick.o [2]
PendSV_Handler               0x2d19          Code  Gb  irq_cm4f.o [2]
Region$$Table$$Base          0x2f44           --   Gb  - Linker created -
Region$$Table$$Limit         0x2f64           --   Gb  - Linker created -
SVC_Handler                  0x2c81          Code  Gb  irq_cm4f.o [2]
SysCtlClockFreqSet           0x1f7d   0x218  Code  Gb  sysctl.o [4]
SysCtlPeripheralEnable       0x1f5f     0x8  Code  Gb  sysctl.o [4]
SysCtlPeripheralPresent
                             0x1f33     0xa  Code  Gb  sysctl.o [4]
SysCtlPeripheralReady        0x1f3d     0x8  Code  Gb  sysctl.o [4]
SysTick_Handler              0x2d29          Code  Gb  irq_cm4f.o [2]
SystemCoreClock         0x2000'2cac     0x4  Data  Gb  system_TM4C1294_TW.o [1]
SystemInit                   0x2ea5    0x1c  Code  Gb  system_TM4C1294_TW.o [1]
ThreadFlagsCheck              0x3c1    0x6c  Code  Lc  rtx_thread.o [2]
TimerInsert                  0x2ba9    0x38  Code  Lc  rtx_timer.o [2]
UART0_Handler                0x23d5     0xe  Code  Gb  elevator.o [1]
UARTCharGetNonBlocking       0x1ebf    0x14  Code  Gb  uart.o [4]
UARTCharPutNonBlocking       0x1ed3    0x18  Code  Gb  uart.o [4]
UARTCharsAvail               0x1ea7     0x8  Code  Gb  uart.o [4]
UARTConfigSetExpClk          0x1e05    0x5c  Code  Gb  uart.o [4]
UARTDisable                  0x1e7b    0x22  Code  Gb  uart.o [4]
UARTEchoSet                  0x1b73    0x16  Code  Gb  uartstdio.o [1]
UARTEnable                   0x1e61    0x1a  Code  Gb  uart.o [4]
UARTFIFOLevelSet             0x1dfd     0x8  Code  Gb  uart.o [4]
UARTFlushRx                  0x1b27    0x1c  Code  Gb  uartstdio.o [1]
UARTFlushTx                  0x1b43    0x30  Code  Gb  uartstdio.o [1]
UARTInit                     0x2385    0x50  Code  Gb  elevator.o [1]
UARTIntClear                 0x1f09     0x6  Code  Gb  uart.o [4]
UARTIntDisable               0x1ef1     0x4  Code  Gb  uart.o [4]
UARTIntEnable                0x1eeb     0x6  Code  Gb  uart.o [4]
UARTIntStatus                0x1efd     0xc  Code  Gb  uart.o [4]
UARTPrimeTransmit            0x174b    0x7a  Code  Lc  uartstdio.o [1]
UARTSpaceAvail               0x1eaf     0x6  Code  Gb  uart.o [4]
UARTStdioConfig              0x17c5    0x92  Code  Gb  uartstdio.o [1]
UARTStdioIntHandler          0x1b8d   0x132  Code  Gb  uartstdio.o [1]
UARTStdioIntHandler::bLastWasCR
                        0x2000'2ca7     0x1  Data  Lc  uartstdio.o [1]
UARTgets                     0x1901    0x62  Code  Gb  uartstdio.o [1]
UARTprintf                   0x1b19     0xe  Code  Gb  uartstdio.o [1]
UARTvprintf                  0x1963   0x1b6  Code  Gb  uartstdio.o [1]
UARTwrite                    0x1857    0xaa  Code  Gb  uartstdio.o [1]
_SysCtlMemTimingGet          0x1f11    0x22  Code  Lc  sysctl.o [4]
__Vectors                       0x0           --   Gb  startup_TM4C1294.o [1]
__Vectors_End                 0x3c0          Data  Gb  startup_TM4C1294.o [1]
__Vectors_Size {Abs}          0x3c0           --   Gb  startup_TM4C1294.o [1]
__aeabi_memclr               0x1521          Code  Gb  ABImemclr.o [5]
__aeabi_memclr4               0xce9          Code  Gb  ABImemclr4.o [5]
__aeabi_memcpy               0x1475          Code  Gb  ABImemcpy.o [5]
__aeabi_memcpy4              0x1495          Code  Gb  ABImemcpy.o [5]
__aeabi_memcpy8              0x1495          Code  Gb  ABImemcpy.o [5]
__cmain                      0x2f65          Code  Gb  cmain.o [5]
__exit                       0x2f99    0x14  Code  Gb  exit.o [6]
__iar_Memset4_word            0xdc1          Code  Gb  ABImemset48.o [5]
__iar_Memset8_word            0xdc1          Code  Gb  ABImemset48.o [5]
__iar_Memset_word            0x16b1          Code  Gb  ABImemset.o [5]
__iar_data_init3             0x2ed5    0x28  Code  Gb  data_init.o [5]
__iar_init_vfp               0x2fd1          Code  Wk  startup_TM4C1294.o [1]
__iar_packbits_init_single3
                              0xb43    0x3a  Code  Gb  packbits_init_single.o [5]
__iar_program_start          0x2fad          Code  Gb  cstartup_M.o [5]
__iar_zero_init3             0x2e3d    0x38  Code  Gb  zero_init3.o [5]
__low_level_init             0x2f83     0x4  Code  Gb  low_level_init.o [3]
__vector_table                  0x0          Data  Gb  startup_TM4C1294.o [1]
__vector_table_0x1c            0x1c          Data  Gb  startup_TM4C1294.o [1]
_call_main                   0x2f71          Code  Gb  cmain.o [5]
_exit                        0x2f8d          Code  Gb  cexit.o [5]
decodeCommand                0x2339    0x20  Code  Gb  elevator.o [1]
elevator1_floor         0x2000'2ca1     0x1  Data  Gb  elevator.o [1]
elevator1_moving        0x2000'2ca2     0x1  Data  Gb  elevator.o [1]
elevator1_queue         0x2000'2c7c     0x4  Data  Gb  elevator.o [1]
elevator2_queue         0x2000'2c80     0x4  Data  Gb  elevator.o [1]
elevator3_queue         0x2000'2c84     0x4  Data  Gb  elevator.o [1]
exit                         0x2f87     0x4  Code  Gb  exit.o [3]
g_bDisableEcho          0x2000'2ca6     0x1  Data  Lc  uartstdio.o [1]
g_pcHex                      0x305c     0x4  Data  Lc  uartstdio.o [1]
g_pcUARTRxBuffer        0x2000'2aa8    0x80  Data  Lc  uartstdio.o [1]
g_pcUARTTxBuffer        0x2000'20a8   0x800  Data  Lc  uartstdio.o [1]
g_pppui32XTALtoVCO           0x298c   0x1b0  Data  Lc  sysctl.o [4]
g_pui32Dii16Regs             0x1de8    0x14  Data  Lc  interrupt.o [4]
g_pui32EnRegs                0x1dd4    0x14  Data  Lc  interrupt.o [4]
g_pui32GPIOBaseAddrs         0x2d44    0x90  Data  Lc  gpio.o [4]
g_pui32VCOFrequencies        0x21d0     0x8  Data  Lc  sysctl.o [4]
g_pui32Xtals                 0x2b3c    0x6c  Data  Lc  sysctl.o [4]
g_sXTALtoMEMTIM              0x2e74    0x30  Data  Lc  sysctl.o [4]
g_ui32Base              0x2000'2c98     0x4  Data  Lc  uartstdio.o [1]
g_ui32PortNum           0x2000'2c9c     0x4  Data  Lc  uartstdio.o [1]
g_ui32UARTBase               0x3024     0xc  Data  Lc  uartstdio.o [1]
g_ui32UARTInt                0x3030     0xc  Data  Lc  uartstdio.o [1]
g_ui32UARTPeriph             0x303c     0xc  Data  Lc  uartstdio.o [1]
g_ui32UARTRxReadIndex   0x2000'2c94     0x4  Data  Lc  uartstdio.o [1]
g_ui32UARTRxWriteIndex  0x2000'2c90     0x4  Data  Lc  uartstdio.o [1]
g_ui32UARTTxReadIndex   0x2000'2c8c     0x4  Data  Lc  uartstdio.o [1]
g_ui32UARTTxWriteIndex  0x2000'2c88     0x4  Data  Lc  uartstdio.o [1]
getCommand                   0x2359    0x16  Code  Gb  elevator.o [1]
main                         0x23e3    0x6a  Code  Gb  elevator.o [1]
osKernelGetState             0x2825    0x40  Code  Gb  rtx_kernel.o [2]
osKernelInitialize           0x27ed    0x38  Code  Gb  rtx_kernel.o [2]
osKernelStart                0x2865    0x34  Code  Gb  rtx_kernel.o [2]
osMessageQueueGet            0x138d    0x90  Code  Gb  rtx_msgqueue.o [2]
osMessageQueueGetCount       0x141d    0x38  Code  Gb  rtx_msgqueue.o [2]
osMessageQueueNew            0x12b5    0x3e  Code  Gb  rtx_msgqueue.o [2]
osMessageQueuePut            0x12f5    0x98  Code  Gb  rtx_msgqueue.o [2]
osRtxConfig                  0x2dd4    0x68  Data  Gb  rtx_lib.o [1]
osRtxErrorNotify              0xd97    0x20  Code  Gb  RTX_Config.o [1]
osRtxIdleThread               0xce7     0x2  Code  Gb  RTX_Config.o [1]
osRtxInfo               0x2000'0000    0xa4  Data  Gb  rtx_kernel.o [2]
osRtxKernelPreInit           0x2983     0x2  Code  Gb  rtx_lib.o [1]
osRtxMemoryAlloc              0xc65    0x82  Code  Wk  rtx_memory.o [2]
osRtxMemoryFree               0xcf1    0x4a  Code  Wk  rtx_memory.o [2]
osRtxMemoryInit              0x28c3    0x44  Code  Wk  rtx_memory.o [2]
osRtxMemoryPoolAlloc          0xbc9    0x44  Code  Gb  rtx_mempool.o [2]
osRtxMemoryPoolFree           0xc0d    0x56  Code  Gb  rtx_mempool.o [2]
osRtxMemoryPoolInit           0xb7d    0x4a  Code  Gb  rtx_mempool.o [2]
osRtxMessageQueuePostProcess
                              0xe9f    0xe6  Code  Lc  rtx_msgqueue.o [2]
osRtxMutexOwnerRelease        0xd3d    0x52  Code  Gb  rtx_mutex.o [2]
osRtxPendSV_Handler          0x15a9    0x8a  Code  Gb  rtx_system.o [2]
osRtxPostProcess             0x1635    0x6e  Code  Gb  rtx_system.o [2]
osRtxThreadBlock              0x629    0x34  Code  Lc  rtx_thread.o [2]
osRtxThreadDelayInsert        0x481    0x62  Code  Lc  rtx_thread.o [2]
osRtxThreadDelayRemove        0x4e3    0x44  Code  Lc  rtx_thread.o [2]
osRtxThreadDelayTick          0x527    0xee  Code  Gb  rtx_thread.o [2]
osRtxThreadDispatch           0x679    0x54  Code  Gb  rtx_thread.o [2]
osRtxThreadFree               0x967    0x56  Code  Lc  rtx_thread.o [2]
osRtxThreadListGet            0x44f    0x14  Code  Gb  rtx_thread.o [2]
osRtxThreadListPut            0x42d    0x22  Code  Gb  rtx_thread.o [2]
osRtxThreadListRemove         0x463    0x16  Code  Gb  rtx_thread.o [2]
osRtxThreadPostProcess        0x741    0x54  Code  Lc  rtx_thread.o [2]
osRtxThreadReadyPut           0x479     0x8  Code  Gb  rtx_thread.o [2]
osRtxThreadRegPtr             0x615    0x14  Code  Gb  rtx_thread.o [2]
osRtxThreadStartup            0xa51    0x30  Code  Gb  rtx_thread.o [2]
osRtxThreadSwitch             0x65d    0x1c  Code  Gb  rtx_thread.o [2]
osRtxThreadWaitEnter          0x707    0x3a  Code  Gb  rtx_thread.o [2]
osRtxThreadWaitExit           0x6d3    0x2e  Code  Gb  rtx_thread.o [2]
osRtxTick_Handler            0x1539    0x6e  Code  Gb  rtx_system.o [2]
osRtxTimerThread             0x2c39    0x44  Code  Wk  rtx_timer.o [2]
osRtxTimerTick               0x2be1    0x54  Code  Lc  rtx_timer.o [2]
osRtxUserSVC                 0x3058     0x4  Data  Gb  rtx_lib.o [1]
osThreadExit                  0xacd    0x16  Code  Gb  rtx_thread.o [2]
osThreadNew                   0xa85    0x40  Code  Gb  rtx_thread.o [2]
os_idle_thread_attr          0x2efc    0x24  Data  Lc  rtx_lib.o [1]
os_idle_thread_cb       0x2000'2b78    0x44  Data  Lc  rtx_lib.o [1]
os_idle_thread_stack    0x2000'28a8   0x100  Data  Lc  rtx_lib.o [1]
os_isr_queue            0x2000'2c00    0x40  Data  Lc  rtx_lib.o [1]
os_mem                  0x2000'00a8  0x2000  Data  Lc  rtx_lib.o [1]
os_timer_mq_attr             0x2fdc    0x18  Data  Lc  rtx_lib.o [1]
os_timer_mq_cb          0x2000'2c40    0x34  Data  Lc  rtx_lib.o [1]
os_timer_mq_data        0x2000'2b28    0x50  Data  Lc  rtx_lib.o [1]
os_timer_thread_attr         0x2f20    0x24  Data  Lc  rtx_lib.o [1]
os_timer_thread_cb      0x2000'2bbc    0x44  Data  Lc  rtx_lib.o [1]
os_timer_thread_stack   0x2000'29a8   0x100  Data  Lc  rtx_lib.o [1]
queue_elevator1_count   0x2000'2ca3     0x1  Data  Gb  elevator.o [1]
queue_elevator1_size    0x2000'00a4     0x1  Data  Gb  elevator.o [1]
queue_elevator2_count   0x2000'2ca4     0x1  Data  Gb  elevator.o [1]
queue_elevator2_size    0x2000'00a5     0x1  Data  Gb  elevator.o [1]
queue_elevator3_count   0x2000'2ca5     0x1  Data  Gb  elevator.o [1]
queue_elevator3_size    0x2000'00a6     0x1  Data  Gb  elevator.o [1]
readUARTBuffer          0x2000'2ca0     0x1  Data  Gb  elevator.o [1]
secondCharacter              0x22e7    0x52  Code  Gb  elevator.o [1]
sendComand                   0x21e9    0x44  Code  Gb  elevator.o [1]
sendCommandToElevatorQueueInternal
                             0x226b    0x7c  Code  Gb  elevator.o [1]
svcRtxKernelGetState         0x2743    0x12  Code  Lc  rtx_kernel.o [2]
svcRtxKernelInitialize       0x262d   0x116  Code  Lc  rtx_kernel.o [2]
svcRtxKernelStart            0x2755    0x96  Code  Lc  rtx_kernel.o [2]
svcRtxMessageQueueGet        0x1189    0xe8  Code  Lc  rtx_msgqueue.o [2]
svcRtxMessageQueueGetCount
                             0x1299    0x12  Code  Lc  rtx_msgqueue.o [2]
svcRtxMessageQueueNew         0xf85   0x130  Code  Lc  rtx_msgqueue.o [2]
svcRtxMessageQueuePut        0x10b5    0xd4  Code  Lc  rtx_msgqueue.o [2]
svcRtxThreadExit              0x9bd    0x8e  Code  Lc  rtx_thread.o [2]
svcRtxThreadNew               0x795   0x1cc  Code  Lc  rtx_thread.o [2]
thread1                      0x222d    0x3e  Code  Gb  elevator.o [1]
thread1_id              0x2000'2c74     0x4  Data  Gb  elevator.o [1]
thread5                      0x236f    0x16  Code  Gb  elevator.o [1]
thread5_id              0x2000'2c78     0x4  Data  Gb  elevator.o [1]


[1] = D:\WorkSpace\Embarcados\Projects\EK-TM4C1294_RTOS_IAR8\Projects\elevator\ewarm\Obj
[2] = RTX_CM.a
[3] = dl7M_tln.a
[4] = driverlib.a
[5] = rt7M_tl.a
[6] = shb_l.a

  11'310 bytes of readonly  code memory
   1'089 bytes of readonly  data memory
  44'204 bytes of readwrite data memory

Errors: none
Warnings: none
